// Jest Snapshot v1, https://goo.gl/fbAQLP

exports[`WaterfallsList component matches snapshot 1`] = `
<Fragment>
  <LeafletMap
    waterfalls={Array []}
  />
  <div
    className="waterfalls--list"
  >
    <ForwardRef
      className="mx-auto"
      size="small"
    >
      <thead
        key="thead"
      >
        <tr>
          <th>
            Name
          </th>
          <th>
            Height
          </th>
          <th>
            Latitude
          </th>
          <th>
            Longitude
          </th>
          <th>
            Description
          </th>
          <th>
            Actions
          </th>
        </tr>
      </thead>
      <tbody />
    </ForwardRef>
  </div>
</Fragment>
`;
