// Jest Snapshot v1, https://goo.gl/fbAQLP

exports[`WaterfallCreateUpdate component matches snapshot 1`] = `
<Form
  className="mt-5 p-3"
  inline={false}
  onSubmit={[Function]}
>
  <FormGroup
    controlId="name"
  >
    <FormLabel
      column={false}
      srOnly={false}
    >
      Name (required):
    </FormLabel>
    <FormControl
      onChange={[Function]}
      required={true}
      type="text"
      value=""
    />
  </FormGroup>
  <FormGroup
    controlId="height"
  >
    <FormLabel
      column={false}
      srOnly={false}
    >
      Height (required):
    </FormLabel>
    <FormControl
      onChange={[Function]}
      required={true}
      type="text"
      value=""
    />
  </FormGroup>
  <FormGroup
    controlId="latitude"
  >
    <FormLabel
      column={false}
      srOnly={false}
    >
      Latitude (required):
    </FormLabel>
    <FormControl
      onChange={[Function]}
      required={true}
      type="text"
      value=""
    />
    <FormText
      className="text-muted"
    >
      Please include only the numbers and negative and period symbols, not the cardinal direction indicators. For example, 45.2987 S is written -45.2987.
    </FormText>
  </FormGroup>
  <FormGroup
    controlId="longitude"
  >
    <FormLabel
      column={false}
      srOnly={false}
    >
      Longitude (required):
    </FormLabel>
    <FormControl
      onChange={[Function]}
      required={true}
      type="text"
      value=""
    />
    <FormText
      className="text-muted"
    >
      Please include only the numbers and negative and period symbols, not the cardinal direction indicators. For example, 122.8624 W is written -122.8624.
    </FormText>
  </FormGroup>
  <FormGroup
    controlId="description"
  >
    <FormLabel
      column={false}
      srOnly={false}
    >
      Description (optional):
    </FormLabel>
    <FormControl
      as="textarea"
      onChange={[Function]}
      type="text"
      value=""
    />
  </FormGroup>
  <Button
    active={false}
    disabled={false}
    type="submit"
    variant="primary"
  >
    Submit
  </Button>
</Form>
`;
